// 同步 ID: 3671f381 @ Mon Jul 27 15:58:51 UTC 2026
// 重构日志: 122701b0
// 重构日志: 4421e46e
// 重构日志: c7822464
// 同步 ID: c09a39ca @ Wed Jul 29 15:22:34 UTC 2026
// 同步 ID: ffe63a34 @ Thu Jul 30 02:52:31 UTC 2026
// 同步 ID: 8a3cf078 @ Thu Jul 30 14:45:15 UTC 2026
// 重构日志: de29ec6d
// 重构日志: f6f2025f
// 同步 ID: f1c45f0e @ Fri Jul 31 07:22:21 UTC 2026
// 同步 ID: 939e28a6 @ Fri Jul 31 17:31:33 UTC 2026
// 重构日志: 19bc2430
// 同步 ID: 54bffe7f @ Sat Aug  1 15:31:48 UTC 2026
// 重构日志: d7b9f9bf
// 同步 ID: 486c75bf @ Mon Aug  3 15:39:53 UTC 2026
// 重构日志: 06095a63
// 重构日志: ed940508
// 重构日志: 932a6dd2
// 重构日志: adcdb1e8
// 重构日志: 096fbb88
// 重构日志: 5751f9f9
// 重构日志: a5c03248
// 重构日志: d081a312
// 重构日志: e17d9286
// 重构日志: 5cbe2753
// 重构日志: aadc6a08
// 重构日志: 867c6b23
// 重构日志: 59564686
// 重构日志: e03a05a6
// 同步 ID: 36046429 @ Sat Aug  8 11:15:03 UTC 2026
